../Drivers/CMSIS/Include/core_cm4.h:2064:26:ITM_SendChar	4
../Core/Src/main.c:74:6:HAL_TIM_IC_CaptureCallback	8
../Core/Src/main.c:107:7:adjust_input_duty	3
../Core/Src/main.c:122:5:main	9
../Core/Src/main.c:310:6:SystemClock_Config	3
../Core/Src/main.c:357:13:MX_TIM2_Init	7
../Core/Src/main.c:419:13:MX_TIM3_Init	9
../Core/Src/main.c:490:13:MX_TIM4_Init	4
../Core/Src/main.c:535:13:MX_TIM9_Init	6
../Core/Src/main.c:591:13:MX_GPIO_Init	1
../Core/Src/main.c:629:5:_write	2
../Core/Src/main.c:646:6:Error_Handler	1
